{
  "version": "1.5.0",
  "plugins_used": [
    {
      "name": "ArtifactoryDetector"
    },
    {
      "name": "AWSKeyDetector"
    },
    {
      "name": "AzureStorageKeyDetector"
    },
    {
      "name": "Base64HighEntropyString",
      "limit": 4.5
    },
    {
      "name": "BasicAuthDetector"
    },
    {
      "name": "CloudantDetector"
    },
    {
      "name": "DiscordBotTokenDetector"
    },
    {
      "name": "GitHubTokenDetector"
    },
    {
      "name": "GitLabTokenDetector"
    },
    {
      "name": "HexHighEntropyString",
      "limit": 3.0
    },
    {
      "name": "IbmCloudIamDetector"
    },
    {
      "name": "IbmCosHmacDetector"
    },
    {
      "name": "IPPublicDetector"
    },
    {
      "name": "JwtTokenDetector"
    },
    {
      "name": "KeywordDetector",
      "keyword_exclude": ""
    },
    {
      "name": "MailchimpDetector"
    },
    {
      "name": "NpmDetector"
    },
    {
      "name": "OpenAIDetector"
    },
    {
      "name": "PrivateKeyDetector"
    },
    {
      "name": "PypiTokenDetector"
    },
    {
      "name": "SendGridDetector"
    },
    {
      "name": "SlackDetector"
    },
    {
      "name": "SoftlayerDetector"
    },
    {
      "name": "SquareOAuthDetector"
    },
    {
      "name": "StripeDetector"
    },
    {
      "name": "TelegramBotTokenDetector"
    },
    {
      "name": "TwilioKeyDetector"
    }
  ],
  "filters_used": [
    {
      "path": "detect_secrets.filters.allowlist.is_line_allowlisted"
    },
    {
      "path": "detect_secrets.filters.common.is_baseline_file",
      "filename": ".secrets.baseline"
    },
    {
      "path": "detect_secrets.filters.common.is_ignored_due_to_verification_policies",
      "min_level": 2
    },
    {
      "path": "detect_secrets.filters.heuristic.is_indirect_reference"
    },
    {
      "path": "detect_secrets.filters.heuristic.is_likely_id_string"
    },
    {
      "path": "detect_secrets.filters.heuristic.is_lock_file"
    },
    {
      "path": "detect_secrets.filters.heuristic.is_not_alphanumeric_string"
    },
    {
      "path": "detect_secrets.filters.heuristic.is_potential_uuid"
    },
    {
      "path": "detect_secrets.filters.heuristic.is_prefixed_with_dollar_sign"
    },
    {
      "path": "detect_secrets.filters.heuristic.is_sequential_string"
    },
    {
      "path": "detect_secrets.filters.heuristic.is_swagger_file"
    },
    {
      "path": "detect_secrets.filters.heuristic.is_templated_secret"
    },
    {
      "path": "detect_secrets.filters.regex.should_exclude_file",
      "pattern": [
        "^(app/static/js/htmx\\.min\\.js|frontend/css/dist/|frontend/pnpm-lock\\.yaml|infra/ssl/|pnpm-lock\\.yaml|uv\\.lock)$"
      ]
    }
  ],
  "results": {
    ".github/workflows/docker-compose-test.yml": [
      {
        "type": "Secret Keyword",
        "filename": ".github/workflows/docker-compose-test.yml",
        "hashed_secret": "321f7499cf0389e4c4bad90c4e22b9badfe9fa05",
        "is_verified": false,
        "line_number": 36
      }
    ],
    ".github/workflows/fastapi-test.yml": [
      {
        "type": "Secret Keyword",
        "filename": ".github/workflows/fastapi-test.yml",
        "hashed_secret": "d986d7729a3ca93e8fb8d9c0f1962564aed9f829",
        "is_verified": false,
        "line_number": 181
      },
      {
        "type": "Secret Keyword",
        "filename": ".github/workflows/fastapi-test.yml",
        "hashed_secret": "fac0e4eec4d11a3bbad583ff2d750d900a70bf72",
        "is_verified": false,
        "line_number": 216
      }
    ],
    "README.md": [
      {
        "type": "Secret Keyword",
        "filename": "README.md",
        "hashed_secret": "44cdfc3615970ada14420caaaa5c5745fca06002",
        "is_verified": false,
        "line_number": 183
      }
    ],
    "alembic.ini": [
      {
        "type": "Basic Auth Credentials",
        "filename": "alembic.ini",
        "hashed_secret": "ff55435345834a3fe224936776c2aa15f6ed5358",
        "is_verified": false,
        "line_number": 8
      }
    ],
    "app/api/middleware/security_headers.py": [
      {
        "type": "Base64 High Entropy String",
        "filename": "app/api/middleware/security_headers.py",
        "hashed_secret": "7886f857186bc1419235ab65f791f2757e4267fb",
        "is_verified": false,
        "line_number": 8
      }
    ],
    "app/static/redoc/redoc.standalone.js": [
      {
        "type": "Secret Keyword",
        "filename": "app/static/redoc/redoc.standalone.js",
        "hashed_secret": "18e8825cfbdac2baadd667383d22165713d4d4b5",
        "is_verified": false,
        "line_number": 2
      },
      {
        "type": "Secret Keyword",
        "filename": "app/static/redoc/redoc.standalone.js",
        "hashed_secret": "53e07a32bf191d6917ee6fd863f0b52632a86798",
        "is_verified": false,
        "line_number": 2
      },
      {
        "type": "Base64 High Entropy String",
        "filename": "app/static/redoc/redoc.standalone.js",
        "hashed_secret": "fd8201493aad9512bb25129219813806e68b2c51",
        "is_verified": false,
        "line_number": 2
      },
      {
        "type": "Secret Keyword",
        "filename": "app/static/redoc/redoc.standalone.js",
        "hashed_secret": "47acd2028cf81b5da88ddeedb2aea4eca4b71fbd",
        "is_verified": false,
        "line_number": 1332
      }
    ],
    "deploy/bootstrap.sh": [
      {
        "type": "Hex High Entropy String",
        "filename": "deploy/bootstrap.sh",
        "hashed_secret": "c6e92e6b0d293dd917f2e402b8ed418d8ff5b90f",
        "is_verified": false,
        "line_number": 50
      },
      {
        "type": "Hex High Entropy String",
        "filename": "deploy/bootstrap.sh",
        "hashed_secret": "779a8c9de5ec6a2df1bcf29132321bff95495cee",
        "is_verified": false,
        "line_number": 51
      }
    ],
    "docs/API.md": [
      {
        "type": "Secret Keyword",
        "filename": "docs/API.md",
        "hashed_secret": "44cdfc3615970ada14420caaaa5c5745fca06002",
        "is_verified": false,
        "line_number": 66
      }
    ],
    "docs/PSYCOPG3_MIGRATION.md": [
      {
        "type": "Basic Auth Credentials",
        "filename": "docs/PSYCOPG3_MIGRATION.md",
        "hashed_secret": "9d4e1e23bd5b727046a9e3b4b7db57bd8d6ee684",
        "is_verified": false,
        "line_number": 50
      }
    ],
    "docs/RESEARCH.md": [
      {
        "type": "Secret Keyword",
        "filename": "docs/RESEARCH.md",
        "hashed_secret": "b42c1166aa6b91895221eae1b612cca07c78bfb8",
        "is_verified": false,
        "line_number": 392
      },
      {
        "type": "Basic Auth Credentials",
        "filename": "docs/RESEARCH.md",
        "hashed_secret": "9d4e1e23bd5b727046a9e3b4b7db57bd8d6ee684",
        "is_verified": false,
        "line_number": 594
      },
      {
        "type": "Basic Auth Credentials",
        "filename": "docs/RESEARCH.md",
        "hashed_secret": "a94a8fe5ccb19ba61c4c0873d391e987982fbbd3",
        "is_verified": false,
        "line_number": 678
      }
    ],
    "docs/STRUCTLOG_INTEGRATION.md": [
      {
        "type": "Secret Keyword",
        "filename": "docs/STRUCTLOG_INTEGRATION.md",
        "hashed_secret": "e5e9fa1ba31ecd1ae84f75caaa474f3a663f05f4",
        "is_verified": false,
        "line_number": 156
      }
    ],
    "infra/netdata/go.d.conf": [
      {
        "type": "Basic Auth Credentials",
        "filename": "infra/netdata/go.d.conf",
        "hashed_secret": "afc848c316af1a89d49826c5ae9d00ed769415f3",
        "is_verified": false,
        "line_number": 42
      },
      {
        "type": "Secret Keyword",
        "filename": "infra/netdata/go.d.conf",
        "hashed_secret": "e4ab933e433b78c91067493748f22c7bb61db6e1",
        "is_verified": false,
        "line_number": 44
      },
      {
        "type": "Secret Keyword",
        "filename": "infra/netdata/go.d.conf",
        "hashed_secret": "df77a3c3976614f078caac4366451103b4eafc01",
        "is_verified": false,
        "line_number": 67
      }
    ],
    "research/video/video-plan-2.md": [
      {
        "type": "Secret Keyword",
        "filename": "research/video/video-plan-2.md",
        "hashed_secret": "1c58bd92003bbaa0538e249fff6ee19a270dec5f",
        "is_verified": false,
        "line_number": 345
      },
      {
        "type": "Secret Keyword",
        "filename": "research/video/video-plan-2.md",
        "hashed_secret": "62a1c10036709d52ba67ced79c86768afdde6c46",
        "is_verified": false,
        "line_number": 671
      }
    ],
    "scripts/ensure_migration_chain.py": [
      {
        "type": "Basic Auth Credentials",
        "filename": "scripts/ensure_migration_chain.py",
        "hashed_secret": "9d4e1e23bd5b727046a9e3b4b7db57bd8d6ee684",
        "is_verified": false,
        "line_number": 19
      }
    ],
    "scripts/seed_demo_data.py": [
      {
        "type": "Secret Keyword",
        "filename": "scripts/seed_demo_data.py",
        "hashed_secret": "77877b46a7f605ee372eb34bcfd9ed1f0373c6fe",
        "is_verified": false,
        "line_number": 30
      }
    ],
    "scripts/test_download.py": [
      {
        "type": "Secret Keyword",
        "filename": "scripts/test_download.py",
        "hashed_secret": "1c58bd92003bbaa0538e249fff6ee19a270dec5f",
        "is_verified": false,
        "line_number": 15
      }
    ],
    "tests/conftest.py": [
      {
        "type": "Secret Keyword",
        "filename": "tests/conftest.py",
        "hashed_secret": "e8683128e71b612e30808fd199ef4a9289727672",
        "is_verified": false,
        "line_number": 6
      }
    ],
    "tests/test_api/test_auth.py": [
      {
        "type": "Secret Keyword",
        "filename": "tests/test_api/test_auth.py",
        "hashed_secret": "dea0cc2e00e5c67ea765bddcb275c268f4b780d8",
        "is_verified": false,
        "line_number": 21
      },
      {
        "type": "Secret Keyword",
        "filename": "tests/test_api/test_auth.py",
        "hashed_secret": "65197e45a1b98ea50a5bdbc3bc5dbddcd0f4646b",
        "is_verified": false,
        "line_number": 22
      },
      {
        "type": "Secret Keyword",
        "filename": "tests/test_api/test_auth.py",
        "hashed_secret": "c18006fc138809314751cd1991f1e0b820fabd37",
        "is_verified": false,
        "line_number": 64
      },
      {
        "type": "Secret Keyword",
        "filename": "tests/test_api/test_auth.py",
        "hashed_secret": "a0f4ea7d91495df92bbac2e2149dfb850fe81396",
        "is_verified": false,
        "line_number": 130
      },
      {
        "type": "Secret Keyword",
        "filename": "tests/test_api/test_auth.py",
        "hashed_secret": "d8ecf7db8fc9ec9c31bc5c9ae2929cc599c75f8d",
        "is_verified": false,
        "line_number": 179
      }
    ],
    "tests/test_api/test_core_model_integration.py": [
      {
        "type": "Secret Keyword",
        "filename": "tests/test_api/test_core_model_integration.py",
        "hashed_secret": "c18006fc138809314751cd1991f1e0b820fabd37",
        "is_verified": false,
        "line_number": 21
      }
    ],
    "tests/test_api/test_demo_login.py": [
      {
        "type": "Secret Keyword",
        "filename": "tests/test_api/test_demo_login.py",
        "hashed_secret": "77877b46a7f605ee372eb34bcfd9ed1f0373c6fe",
        "is_verified": false,
        "line_number": 17
      }
    ],
    "tests/test_api/test_downloads.py": [
      {
        "type": "Secret Keyword",
        "filename": "tests/test_api/test_downloads.py",
        "hashed_secret": "c18006fc138809314751cd1991f1e0b820fabd37",
        "is_verified": false,
        "line_number": 209
      }
    ],
    "tests/test_api/test_web_routes.py": [
      {
        "type": "Secret Keyword",
        "filename": "tests/test_api/test_web_routes.py",
        "hashed_secret": "44cdfc3615970ada14420caaaa5c5745fca06002",
        "is_verified": false,
        "line_number": 485
      },
      {
        "type": "Secret Keyword",
        "filename": "tests/test_api/test_web_routes.py",
        "hashed_secret": "d8ecf7db8fc9ec9c31bc5c9ae2929cc599c75f8d",
        "is_verified": false,
        "line_number": 559
      },
      {
        "type": "Secret Keyword",
        "filename": "tests/test_api/test_web_routes.py",
        "hashed_secret": "3cd6bd4bede4718a988c50c3e435b89b82688501",
        "is_verified": false,
        "line_number": 579
      },
      {
        "type": "Secret Keyword",
        "filename": "tests/test_api/test_web_routes.py",
        "hashed_secret": "210e512dbc80618b9dbc068ce9d6cb01fe11c295",
        "is_verified": false,
        "line_number": 704
      },
      {
        "type": "Secret Keyword",
        "filename": "tests/test_api/test_web_routes.py",
        "hashed_secret": "a0f4ea7d91495df92bbac2e2149dfb850fe81396",
        "is_verified": false,
        "line_number": 716
      },
      {
        "type": "Secret Keyword",
        "filename": "tests/test_api/test_web_routes.py",
        "hashed_secret": "a240a1757ef2e0abf3f252dccec6895fc90d6385",
        "is_verified": false,
        "line_number": 2063
      },
      {
        "type": "Secret Keyword",
        "filename": "tests/test_api/test_web_routes.py",
        "hashed_secret": "0fa86f7cd4925d1bc1f299fefdaeb3cede77592f",
        "is_verified": false,
        "line_number": 2178
      },
      {
        "type": "Secret Keyword",
        "filename": "tests/test_api/test_web_routes.py",
        "hashed_secret": "3e7d56a95804ff3c322b97a7e7cdba25dc920957",
        "is_verified": false,
        "line_number": 3635
      },
      {
        "type": "Secret Keyword",
        "filename": "tests/test_api/test_web_routes.py",
        "hashed_secret": "3dd580e7dc68b01dd9dec0ba7d5e413e6bad5404",
        "is_verified": false,
        "line_number": 3672
      },
      {
        "type": "Secret Keyword",
        "filename": "tests/test_api/test_web_routes.py",
        "hashed_secret": "e9808792d011ba943f46dacdd6442bd0bd704398",
        "is_verified": false,
        "line_number": 3676
      },
      {
        "type": "Secret Keyword",
        "filename": "tests/test_api/test_web_routes.py",
        "hashed_secret": "b0d47ea0e2f5e700167acf7c5b932a19806afea2",
        "is_verified": false,
        "line_number": 3680
      },
      {
        "type": "Secret Keyword",
        "filename": "tests/test_api/test_web_routes.py",
        "hashed_secret": "54f061d1127643e87a4d705d3a9ec15cc9dbd8cf",
        "is_verified": false,
        "line_number": 3682
      }
    ],
    "tests/test_auth_key_rotation.py": [
      {
        "type": "Secret Keyword",
        "filename": "tests/test_auth_key_rotation.py",
        "hashed_secret": "d906fa06506169b210f29f8401bb4f53c123b510",
        "is_verified": false,
        "line_number": 9
      },
      {
        "type": "Secret Keyword",
        "filename": "tests/test_auth_key_rotation.py",
        "hashed_secret": "c1f55132534b53e45ec37f7d6c6e4f31741a7023",
        "is_verified": false,
        "line_number": 10
      }
    ],
    "tests/test_browser_downloader_config.py": [
      {
        "type": "Basic Auth Credentials",
        "filename": "tests/test_browser_downloader_config.py",
        "hashed_secret": "9d4e1e23bd5b727046a9e3b4b7db57bd8d6ee684",
        "is_verified": false,
        "line_number": 138
      }
    ],
    "tests/test_config.py": [
      {
        "type": "Secret Keyword",
        "filename": "tests/test_config.py",
        "hashed_secret": "09427e735a83ad4be360487fa3bf28071b3c5116",
        "is_verified": false,
        "line_number": 79
      },
      {
        "type": "Secret Keyword",
        "filename": "tests/test_config.py",
        "hashed_secret": "e8d4a2f731a2b37fcb169639d14ccb9350952d59",
        "is_verified": false,
        "line_number": 214
      },
      {
        "type": "Secret Keyword",
        "filename": "tests/test_config.py",
        "hashed_secret": "c1d117818a97e847bdf286aa02d9dc8e8f7148f5",
        "is_verified": false,
        "line_number": 225
      },
      {
        "type": "Secret Keyword",
        "filename": "tests/test_config.py",
        "hashed_secret": "8d11b2981e437416faa335168e2ac51ca7f03080",
        "is_verified": false,
        "line_number": 241
      },
      {
        "type": "Secret Keyword",
        "filename": "tests/test_config.py",
        "hashed_secret": "e6a62d44e9eec061a8e684ddc2dc0266ca227814",
        "is_verified": false,
        "line_number": 250
      },
      {
        "type": "Basic Auth Credentials",
        "filename": "tests/test_config.py",
        "hashed_secret": "9d4e1e23bd5b727046a9e3b4b7db57bd8d6ee684",
        "is_verified": false,
        "line_number": 273
      },
      {
        "type": "Hex High Entropy String",
        "filename": "tests/test_config.py",
        "hashed_secret": "b256e49b893f8b2eeb2384801910c70ed17a2191",
        "is_verified": false,
        "line_number": 340
      },
      {
        "type": "Secret Keyword",
        "filename": "tests/test_config.py",
        "hashed_secret": "b256e49b893f8b2eeb2384801910c70ed17a2191",
        "is_verified": false,
        "line_number": 340
      },
      {
        "type": "Secret Keyword",
        "filename": "tests/test_config.py",
        "hashed_secret": "91dfd9ddb4198affc5c194cd8ce6d338fde470e2",
        "is_verified": false,
        "line_number": 361
      }
    ],
    "tests/test_ensure_migration_chain.py": [
      {
        "type": "Basic Auth Credentials",
        "filename": "tests/test_ensure_migration_chain.py",
        "hashed_secret": "9d4e1e23bd5b727046a9e3b4b7db57bd8d6ee684",
        "is_verified": false,
        "line_number": 15
      }
    ],
    "tests/test_env_contract.py": [
      {
        "type": "Hex High Entropy String",
        "filename": "tests/test_env_contract.py",
        "hashed_secret": "b256e49b893f8b2eeb2384801910c70ed17a2191",
        "is_verified": false,
        "line_number": 95
      },
      {
        "type": "Secret Keyword",
        "filename": "tests/test_env_contract.py",
        "hashed_secret": "b256e49b893f8b2eeb2384801910c70ed17a2191",
        "is_verified": false,
        "line_number": 95
      },
      {
        "type": "Secret Keyword",
        "filename": "tests/test_env_contract.py",
        "hashed_secret": "4a059f696d81c737cf7e06956318bccb8fa4c971",
        "is_verified": false,
        "line_number": 96
      },
      {
        "type": "Secret Keyword",
        "filename": "tests/test_env_contract.py",
        "hashed_secret": "55050be40c1c49f1547fe9e44cbadaea0b246178",
        "is_verified": false,
        "line_number": 97
      }
    ],
    "tests/test_services/test_user_service.py": [
      {
        "type": "Secret Keyword",
        "filename": "tests/test_services/test_user_service.py",
        "hashed_secret": "44cdfc3615970ada14420caaaa5c5745fca06002",
        "is_verified": false,
        "line_number": 53
      }
    ],
    "tests/test_story_3_1_web_auth_extraction.py": [
      {
        "type": "Secret Keyword",
        "filename": "tests/test_story_3_1_web_auth_extraction.py",
        "hashed_secret": "44cdfc3615970ada14420caaaa5c5745fca06002",
        "is_verified": false,
        "line_number": 85
      }
    ],
    "tests/test_story_3_2_web_downloads_extraction.py": [
      {
        "type": "Secret Keyword",
        "filename": "tests/test_story_3_2_web_downloads_extraction.py",
        "hashed_secret": "44cdfc3615970ada14420caaaa5c5745fca06002",
        "is_verified": false,
        "line_number": 121
      }
    ],
    "tests/test_story_3_3_web_remaining_extraction.py": [
      {
        "type": "Secret Keyword",
        "filename": "tests/test_story_3_3_web_remaining_extraction.py",
        "hashed_secret": "44cdfc3615970ada14420caaaa5c5745fca06002",
        "is_verified": false,
        "line_number": 153
      }
    ],
    "tests/test_story_8_3_javascript_bugs_performance.py": [
      {
        "type": "Base64 High Entropy String",
        "filename": "tests/test_story_8_3_javascript_bugs_performance.py",
        "hashed_secret": "7886f857186bc1419235ab65f791f2757e4267fb",
        "is_verified": false,
        "line_number": 226
      }
    ],
    "tests/test_story_9_2_db_pool_config.py": [
      {
        "type": "Secret Keyword",
        "filename": "tests/test_story_9_2_db_pool_config.py",
        "hashed_secret": "e6a62d44e9eec061a8e684ddc2dc0266ca227814",
        "is_verified": false,
        "line_number": 43
      }
    ],
    "tests/test_worker/test_health.py": [
      {
        "type": "Secret Keyword",
        "filename": "tests/test_worker/test_health.py",
        "hashed_secret": "75a0c28d18e779081dd357e4e5513a04a9008dc2",
        "is_verified": false,
        "line_number": 79
      }
    ]
  },
  "generated_at": "2026-08-26T06:58:04Z"
}
