{
  "version": "1.5.0",
  "plugins_used": [
    {
      "name": "Base64HighEntropyString"
    },
    {
      "name": "HexHighEntropyString"
    },
    {
      "name": "KeywordDetector"
    }
  ],
  "filters_used": [
    {
      "path": "detect_secrets.filters.allowlist.is_line_allowlisted"
    },
    {
      "path": "detect_secrets.filters.common.is_ignored_due_to_verification_policies"
    }
  ],
  "results": {}
}
